export const snapshot = {};

snapshot[`FsrsScheduler.update - intervals 1`] = `
[
  0,
  2,
  1,
  3,
  6,
  7,
  9,
  11,
  19,
  62,
  201,
  655,
  2163,
  7262,
  28,
  111,
  435,
]
`;

snapshot[`FsrsScheduler.update - Good/Easy intervals 1`] = `
[
  0,
  3,
  27,
  202,
]
`;

snapshot[`FsrsScheduler.update - Good/Easy intervals 2`] = `
[
  0,
  16,
  164,
  1534,
]
`;
