export const snapshot = {};

snapshot[`FsrsLevelsScheduler - update assignment with Default SRS 1`] = `
[
  0.5,
  4,
  4,
  4,
  4,
  4,
  5,
  6,
  6,
  6,
]
`;

snapshot[`FsrsLevelsScheduler - update assignment with Fast SRS 1`] = `
[
  0.5,
  1,
  1,
  1,
  1,
  1,
  1,
  2,
]
`;
